npm warn Unknown project config "allow-build-scripts". This will stop working in the next major version of npm.

[1m[46m RUN [49m[22m [36mv4.0.18 [39m[90mD:/GitHub/openclaw[39m

No test files found, exiting with code 1

filter: src/agents/pi-embedded-subscribe.subscribe-embedded-pi-session.e2e.test.ts
include: src/**/*.test.ts, extensions/**/*.test.ts, test/format-error.test.ts
exclude:  dist/**, apps/macos/**, apps/macos/.build/**, **/node_modules/**, **/vendor/**, dist/OpenClaw.app/**, **/*.live.test.ts, **/*.e2e.test.ts

